---
source: tests/integration.rs
assertion_line: 541
expression: buffer_to_string(&terminal)
---
                                                               │
  Search...                                                    │  /  /test/cwd
                                                               │

  Nothing here. Press  /  to search everywhere.


















  ↑↓  navigate  │  Esc  quit                                         5 sessions
